INTEGER test of GST, insertions
GST:
0: 5(5)X
1: 1<5>(5)L
2: =0(1<5>)L 3<3>(1<5>)R
3: =2(3<3>)L =4<2>(3<3>)R
debug (in-order): 0: 5(5)X
1: 1<5>(5)L
2: =0(1<5>)L 3<3>(1<5>)R
3: =2(3<3>)L =4<2>(3<3>)R

debug (pre-order): [5 [1<5> [0] [3<3> [2] [4<2>]]]]
debug (post-order): [[[0] [[2] [4<2>] 3<3>] 1<5>] 5]
size is 6
Duplicates: 7
Nodes: 6
Minimum depth: 0
Maximum depth: 3
